2026-07-07 00:00:59, EXEC, v:1, k:ed@fractais_png, mode:FREE
2026-07-07 00:03:00, EXEC, v:1, k:ed@fractais_png, mode:FREE
2026-07-07 00:05:26, EXEC, v:1, k:ed@fractais_png, mode:FREE
2026-07-07 00:06:36, EXEC, v:1, k:ed@fractais_png, mode:FREE
2026-07-07 00:07:14, EXEC, v:1, k:ed@fractais_png, mode:FREE
2026-07-07 00:07:46, EXEC, v:1, k:ed@fractais_png, mode:FREE
2026-07-07 00:08:04, EXEC, v:1, k:ed@fractais_png, mode:FREE
2026-07-07 00:08:35, EXEC, v:1, k:ed@fractais_png, mode:FREE
2026-07-07 00:09:17, EXEC, v:1, k:ed@fractais_png, mode:FREE
2026-07-07 00:09:34, EXEC, v:1, k:ed@fractais_png, mode:FREE
2026-07-07 00:09:48, EXEC, v:1, k:ed@fractais_png, mode:FREE
2026-07-07 00:11:30, EXEC, v:1, k:ed@fractais_png, mode:FREE
2026-07-07 00:12:49, EXEC, v:1, k:ed@fractais_png, mode:FREE
2026-07-07 00:13:07, EXEC, v:1, k:ed@fractais_png, mode:FREE
2026-07-07 00:13:17, EXEC, v:1, k:ed@fractais_png, mode:FREE
2026-07-07 00:14:37, EXEC, v:1, k:ed@fractais_png, mode:FREE
2026-07-07 00:14:52, EXEC, v:1, k:ed@fractais_png, mode:FREE
2026-07-07 00:15:13, EXEC, v:1, k:ed@fractais_png, mode:FREE
2026-07-07 00:16:18, EXEC, v:1, k:ed@fractais_png, mode:FREE
2026-07-07 00:16:55, EXEC, v:1, k:ed@fractais_png, mode:FREE
2026-07-07 00:17:31, EXEC, v:1, k:ed@fractais_png, mode:FREE
2026-07-07 00:18:23, EXEC, v:1, k:ed@fractais_png, mode:FREE
2026-07-07 00:18:36, EXEC, v:1, k:ed@fractais_png, mode:FREE
2026-07-07 00:19:00, EXEC, v:1, k:ed@fractais_png, mode:FREE
2026-07-07 00:36:28, EXEC, v:1, k:ed@fractais_png, mode:FREE
2026-07-07 00:39:59, EXEC, v:1, k:ed@fractais_png, mode:FREE
2026-07-07 00:48:15, EXEC, v:1, k:ed@fractais_png, mode:FREE
2026-07-07 00:48:50, EXEC, v:1, k:ed@fractais_png, mode:FREE
2026-07-07 00:49:21, EXEC, v:1, k:ed@fractais_png, mode:FREE
2026-07-07 00:49:46, EXEC, v:1, k:ed@fractais_png, mode:FREE
2026-07-07 00:51:01, EXEC, v:1, k:ed@fractais_png, mode:FREE
2026-07-07 00:54:44, EXEC, v:1, k:ed@fractais_png, mode:FREE
2026-07-07 00:55:00, EXEC, v:1, k:ed@fractais_png, mode:FREE
2026-07-07 00:55:17, EXEC, v:1, k:ed@fractais_png, mode:FREE
2026-07-07 00:58:33, EXEC, v:1, k:ed@fractais_png, mode:FREE
2026-07-07 00:58:48, EXEC, v:1, k:ed@fractais_png, mode:FREE
2026-07-07 01:00:19, EXEC, v:1, k:ed@fractais_png, mode:FREE
2026-07-07 01:00:32, EXEC, v:1, k:ed@fractais_png, mode:FREE
2026-07-07 01:00:52, EXEC, v:1, k:ed@fractais_png, mode:FREE
2026-07-07 01:05:29, EXEC, v:1, k:ed@fractais_png, mode:FREE
2026-07-07 01:06:32, EXEC, v:1, k:ed@fractais_png, mode:FREE
2026-07-07 01:16:01, EXEC, v:1, k:ed@fractais_png, mode:FREE
2026-07-07 01:16:36, EXEC, v:1, k:ed@fractais_png, mode:FREE
2026-07-07 01:17:52, EXEC, v:1, k:ed@fractais_png, mode:FREE
2026-07-07 01:18:36, EXEC, v:1, k:ed@fractais_png, mode:FREE
2026-07-07 01:23:08, MOVE, v:1, k:ed@fractais_png, mode:EDIT
2026-07-07 01:28:14, EXEC, v:1, k:ed@fractais_png, mode:FREE
2026-07-07 01:29:23, EXEC, v:1, k:ed@fractais_png, mode:FREE
2026-07-07 01:29:23, MOVE, v:1, k:ed@fractais_png, mode:EDIT
2026-07-07 01:30:14, MOVE, v:1, k:ed@fractais_png, mode:EDIT
2026-07-07 01:33:02, EXEC, v:1, k:ed@fractais_png, mode:FREE
2026-07-07 01:34:15, EXEC, v:1, k:ed@fractais_png, mode:FREE
2026-07-07 01:35:13, MOVE, v:1, k:ed@fractais_png, mode:EDIT
2026-07-07 01:34:15, MOVE, v:1, k:ed@fractais_png, mode:EDIT
2026-07-07 01:36:16, EXEC, v:1, k:ed@fractais_png, mode:FREE
2026-07-07 01:37:05, EXEC, v:1, k:ed@fractais_png, mode:FREE
2026-07-07 01:37:43, EXEC, v:1, k:ed@fractais_png, mode:FREE
2026-07-07 01:38:23, EXEC, v:1, k:ed@fractais_png, mode:FREE
2026-07-07 01:39:28, EXEC, v:1, k:ed@fractais_png, mode:FREE
2026-07-07 01:40:07, EXEC, v:1, k:ed@fractais_png, mode:FREE
2026-07-07 01:40:05, MOVE, v:1, k:ed@fractais_png, mode:EDIT
2026-07-07 01:40:08, MOVE, v:1, k:ed@fractais_png, mode:EDIT
2026-07-07 01:40:24, EXEC, v:1, k:ed@fractais_png, mode:FREE
2026-07-07 01:40:34, EXEC, v:1, k:ed@fractais_png, mode:FREE
2026-07-07 01:41:38, EXEC, v:1, k:ed@fractais_png, mode:FREE
2026-07-07 01:44:44, EXEC, v:1, k:ed@fractais_png, mode:FREE
2026-07-07 01:45:04, EXEC, v:1, k:ed@fractais_png, mode:FREE
2026-07-07 01:45:02, MOVE, v:1, k:ed@fractais_png, mode:EDIT
2026-07-07 01:45:05, MOVE, v:1, k:ed@fractais_png, mode:EDIT
2026-07-07 01:45:21, EXEC, v:1, k:ed@fractais_png, mode:FREE
2026-07-07 01:45:18, MOVE, v:1, k:ed@fractais_png, mode:EDIT
2026-07-07 01:45:21, MOVE, v:1, k:ed@fractais_png, mode:EDIT
2026-07-07 04:09:09, EXEC, v:1, k:ed@fractais_png, mode:FREE
2026-07-07 04:10:24, EXEC, v:1, k:ed@fractais_png, mode:FREE
2026-07-07 04:12:25, EXEC, v:1, k:ed@fractais_png, mode:FREE
2026-07-07 04:21:07, EXEC, v:1, k:ed@fractais_png, mode:FREE
2026-07-07 04:22:52, EXEC, v:1, k:ed@fractais_png, mode:FREE
2026-07-07 04:23:36, EXEC, v:1, k:ed@fractais_png, mode:FREE
2026-07-07 04:27:14, EXEC, v:1, k:ed@fractais_png, mode:FREE
2026-07-07 04:27:31, EXEC, v:1, k:ed@fractais_png, mode:FREE
2026-07-07 04:28:31, EXEC, v:1, k:ed@fractais_png, mode:FREE
2026-07-07 04:28:57, EXEC, v:1, k:ed@fractais_png, mode:FREE
2026-07-07 04:31:10, EXEC, v:1, k:ed@fractais_png, mode:FREE
2026-07-07 04:31:39, EXEC, v:1, k:ed@fractais_png, mode:FREE
2026-07-07 04:31:46, EXEC, v:1, k:ed@fractais_png, mode:FREE
2026-07-07 04:31:55, EXEC, v:1, k:ed@fractais_png, mode:FREE
2026-07-07 04:32:13, EXEC, v:1, k:ed@fractais_png, mode:FREE
2026-07-07 04:32:43, EXEC, v:1, k:ed@fractais_png, mode:FREE
2026-07-07 04:47:06, EXEC, v:1, k:ed@fractais_png, mode:FREE
2026-07-07 04:47:16, EXEC, v:1, k:ed@fractais_png, mode:FREE
2026-07-07 04:47:32, EXEC, v:1, k:ed@fractais_png, mode:FREE
2026-07-07 04:53:40, EXEC, v:1, k:ed@fractais_png, mode:FREE
2026-07-07 04:54:11, EXEC, v:1, k:ed@fractais_png, mode:FREE
2026-07-07 04:55:22, EXEC, v:1, k:ed@fractais_png, mode:FREE
2026-07-07 04:55:32, EXEC, v:1, k:ed@fractais_png, mode:FREE
2026-07-07 04:55:42, EXEC, v:1, k:ed@fractais_png, mode:FREE
2026-07-07 05:03:17, EXEC, v:1, k:ed@fractais_png, mode:FREE
2026-07-07 05:03:33, EXEC, v:1, k:ed@fractais_png, mode:FREE
2026-07-07 05:05:05, EXEC, v:1, k:ed@fractais_png, mode:FREE
2026-07-07 05:05:23, EXEC, v:1, k:ed@fractais_png, mode:FREE
2026-07-07 05:05:59, EXEC, v:1, k:ed@fractais_png, mode:FREE
2026-07-07 05:08:09, EXEC, v:1, k:ed@fractais_png, mode:FREE
2026-07-07 05:08:20, EXEC, v:1, k:ed@fractais_png, mode:FREE
2026-07-07 05:08:32, EXEC, v:1, k:ed@fractais_png, mode:FREE
2026-07-07 05:11:19, EXEC, v:1, k:ed@fractais_png, mode:FREE
2026-07-07 05:11:34, EXEC, v:1, k:ed@fractais_png, mode:FREE
2026-07-07 05:12:21, EXEC, v:1, k:ed@fractais_png, mode:FREE
2026-07-07 05:12:34, EXEC, v:1, k:ed@fractais_png, mode:FREE
2026-07-07 05:12:41, EXEC, v:1, k:ed@fractais_png, mode:FREE
2026-07-07 05:12:50, EXEC, v:1, k:ed@fractais_png, mode:FREE
2026-07-07 05:13:48, EXEC, v:1, k:ed@fractais_png, mode:FREE
2026-07-07 05:15:09, EXEC, v:1, k:ed@fractais_png, mode:FREE
2026-07-07 05:15:59, EXEC, v:1, k:ed@fractais_png, mode:FREE
2026-07-07 05:16:11, EXEC, v:1, k:ed@fractais_png, mode:FREE
2026-07-07 05:16:32, EXEC, v:1, k:ed@fractais_png, mode:FREE
2026-07-07 05:16:59, EXEC, v:1, k:ed@fractais_png, mode:FREE
2026-07-07 05:19:53, SELF, v:1, k:ed@fractais_png, self:1, rate:100
2026-07-07 05:20:10, MOVE, v:1, k:ed@hex, mode:PICK
2026-07-07 05:20:10, EXEC, v:1, k:ed@hex, mode:LOCK, rate:0, size:5
2026-07-07 05:20:10, MOVE, v:1, k:ed@hex, mode:EDIT
2026-07-07 05:30:31, EXEC, v:1, k:ed@fractais_png, mode:FREE
2026-07-07 05:32:52, MOVE, v:1, k:ed@hex, mode:BACK
2026-07-07 05:32:54, MOVE, v:1, k:ed@hex, mode:DOWN
2026-07-07 05:33:06, MOVE, v:1, k:ed@hex, mode:DOWN
2026-07-07 05:33:16, MOVE, v:1, k:ed@hex, mode:DOWN
2026-07-07 05:33:36, MOVE, v:1, k:ed@hex, mode:DOWN
2026-07-07 05:33:46, MOVE, v:1, k:ed@hex, mode:PICK
2026-07-07 05:30:31, MOVE, v:1, k:ed@fractais_png, mode:EDIT
2026-07-07 05:38:11, MOVE, v:1, k:ed@hex, mode:BACK
2026-07-07 15:46:31, MOVE, v:1, k:ed@compare, mode:PICK
2026-07-07 15:50:46, MOVE, v:1, k:ed@compare, mode:BACK
2026-07-07 15:53:12, MOVE, v:1, k:ed@hex, mode:PICK
2026-07-07 15:56:16, MOVE, v:1, k:ed@hex, mode:EDIT
2026-07-07 16:01:06, MOVE, v:1, k:ed@hex, mode:EDIT
2026-07-07 16:05:54, MOVE, v:1, k:ed@hex, mode:EDIT
2026-07-07 16:11:06, MOVE, v:1, k:ed@hex, mode:EDIT
2026-07-07 16:16:08, MOVE, v:1, k:ed@hex, mode:EDIT
2026-07-07 16:21:07, MOVE, v:1, k:ed@hex, mode:EDIT
2026-07-07 17:09:46, MOVE, v:1, k:ed@hex, mode:PICK
2026-07-07 17:14:32, MOVE, v:1, k:ed@hex, mode:EDIT
2026-07-07 17:15:27, MOVE, v:1, k:ed@hex, mode:EDIT
2026-07-07 17:19:38, MOVE, v:1, k:ed@hex, mode:EDIT
2026-07-07 17:24:39, MOVE, v:1, k:ed@hex, mode:EDIT
2026-07-07 17:29:37, MOVE, v:1, k:ed@hex, mode:EDIT
2026-07-07 17:34:36, MOVE, v:1, k:ed@hex, mode:EDIT
2026-07-07 17:38:39, EXEC, v:1, k:ed@hex, mode:LOCK, rate:0, size:281
2026-07-07 17:38:57, MOVE, v:1, k:ed@hex, mode:BACK
2026-07-07 17:39:18, EXEC, v:1, k:ed@hex, mode:FREE
2026-07-07 17:43:18, EXEC, v:1, k:ed@hex, mode:FREE
2026-07-07 17:53:17, EXEC, v:1, k:ed@hex, mode:FREE
2026-07-07 18:07:23, EXEC, v:1, k:ed@hex, mode:FREE
2026-07-07 19:42:33, SELF, v:1, k:ed@hex, self:1, study:120
2026-07-07 19:42:42, SELF, v:1, k:ed@hex, self:1, study:120, refactor:1
2026-07-07 19:45:41, SELF, v:1, k:ed@hex, self:1, rate:100, study:120, refactor:1
