2026-04-27 00:01:16, MOVE, v:1, k:ed@setbuild, mode:EDIT
2026-04-27 00:05:49, EXEC, v:1, k:ed@vetbuild, mode:FULL, rate:100
2026-04-27 00:05:54, MOVE, v:1, k:ed@vetbuild, mode:BACK
2026-04-27 00:05:55, MOVE, v:1, k:ed@setbuild, mode:PICK
2026-04-27 00:05:55, EXEC, v:1, k:ed@setbuild, mode:FULL, rate:0, size:137
2026-04-27 00:08:03, EXEC, v:1, k:ed@setbuild, mode:FULL, rate:0, size:149
2026-04-27 00:09:00, EXEC, v:1, k:ed@setbuild, mode:FULL, rate:0, size:150
2026-04-27 00:08:54, MOVE, v:1, k:ed@setbuild, mode:EDIT
2026-04-27 00:05:49, MOVE, v:1, k:ed@vetbuild, mode:EDIT
2026-04-27 00:09:00, MOVE, v:1, k:ed@setbuild, mode:EDIT
2026-04-27 00:10:10, EXEC, v:1, k:ed@setbuild, mode:FULL, rate:0, size:150
2026-04-27 00:10:40, EXEC, v:1, k:ed@setbuild, mode:FULL, size:150, fail:COMP
2026-04-27 00:11:30, EXEC, v:1, k:ed@setbuild, mode:FULL, rate:0, size:153
2026-04-27 00:11:55, EXEC, v:1, k:ed@setbuild, mode:FULL, rate:0, size:150
2026-04-27 00:13:54, MOVE, v:1, k:ed@setbuild, mode:EDIT
2026-04-27 00:11:54, MOVE, v:1, k:ed@setbuild, mode:EDIT
2026-04-27 00:15:27, EXEC, v:1, k:ed@setbuild, mode:FULL, rate:0, size:151
2026-04-27 00:17:35, EXEC, v:1, k:ed@setbuild, mode:FULL, rate:0, size:153
2026-04-27 00:18:46, EXEC, v:1, k:ed@setbuild, mode:FULL, rate:0, size:153
2026-04-27 00:18:45, MOVE, v:1, k:ed@setbuild, mode:EDIT
2026-04-27 00:18:46, MOVE, v:1, k:ed@setbuild, mode:EDIT
2026-04-27 00:19:45, EXEC, v:1, k:ed@setbuild, mode:FULL, rate:0
2026-04-27 00:23:07, EXEC, v:1, k:ed@setbuild, mode:FULL, rate:0, size:153
2026-04-27 00:23:07, MOVE, v:1, k:ed@setbuild, mode:EDIT
2026-04-27 00:23:06, MOVE, v:1, k:ed@setbuild, mode:EDIT
2026-04-27 00:24:48, EXEC, v:1, k:ed@setbuild, mode:FULL, rate:0, size:154
2026-04-27 00:24:49, EXEC, v:1, k:ed@setbuild, mode:FULL, rate:0
2026-04-27 00:28:38, EXEC, v:1, k:ed@setbuild, mode:FULL, rate:0, size:151
2026-04-27 00:28:37, MOVE, v:1, k:ed@setbuild, mode:EDIT
2026-04-27 00:28:38, MOVE, v:1, k:ed@setbuild, mode:EDIT
2026-04-27 00:29:35, EXEC, v:1, k:ed@setbuild, mode:FULL, rate:0, size:150
2026-04-27 00:30:24, EXEC, v:1, k:ed@setbuild, mode:FULL, rate:0, size:153
2026-04-27 00:30:39, EXEC, v:1, k:ed@setbuild, mode:FULL, rate:0, size:150
2026-04-27 00:30:58, EXEC, v:1, k:ed@setbuild, mode:FULL, rate:0, size:149
2026-04-27 00:31:17, EXEC, v:1, k:ed@setbuild, mode:FULL, rate:0, size:150
2026-04-27 00:32:43, EXEC, v:1, k:ed@setbuild, mode:FULL, rate:0, size:152
2026-04-27 00:32:57, EXEC, v:1, k:ed@setbuild, mode:FULL, size:152, fail:COMP
2026-04-27 00:32:59, EXEC, v:1, k:ed@setbuild, mode:FULL, fail:COMP
2026-04-27 00:33:08, EXEC, v:1, k:ed@setbuild, mode:FULL, rate:0, size:152
2026-04-27 00:33:07, MOVE, v:1, k:ed@setbuild, mode:EDIT
2026-04-27 00:33:08, MOVE, v:1, k:ed@setbuild, mode:EDIT
2026-04-27 00:35:37, EXEC, v:1, k:ed@setbuild, mode:FULL, rate:0, size:156
2026-04-27 00:37:01, EXEC, v:1, k:ed@setbuild, mode:FULL, rate:0, size:156
2026-04-27 00:37:38, EXEC, v:1, k:ed@setbuild, mode:FULL, rate:0, size:156
2026-04-27 00:38:17, EXEC, v:1, k:ed@setbuild, mode:FULL, rate:33, size:159
2026-04-27 00:38:47, EXEC, v:1, k:ed@setbuild, mode:FULL, rate:66, size:159
2026-04-27 00:38:47, MOVE, v:1, k:ed@setbuild, mode:EDIT
2026-04-27 00:38:47, MOVE, v:1, k:ed@setbuild, mode:EDIT
2026-04-27 00:39:48, EXEC, v:1, k:ed@setbuild, mode:FULL, rate:100, size:160
2026-04-27 00:39:50, MOVE, v:1, k:ed@setbuild, mode:BACK
2026-04-27 00:40:04, MOVE, v:1, k:ed@setbuild, mode:PICK
2026-04-27 00:40:05, MOVE, v:1, k:ed@setbuild, mode:BACK
2026-04-27 00:40:14, SELF, v:1, k:ed@setbuild, self:1, rate:100, study:150
2026-04-27 00:40:39, MOVE, v:1, k:ed@bettersearch, mode:DOWN
2026-04-27 00:40:41, MOVE, v:1, k:ed@bettersearch, mode:PICK
2026-04-27 00:39:47, MOVE, v:1, k:ed@setbuild, mode:EDIT
2026-04-27 00:39:48, MOVE, v:1, k:ed@setbuild, mode:EDIT
2026-04-27 00:40:39, MOVE, v:1, k:ed@bettersearch, mode:EDIT
2026-04-27 00:40:39, MOVE, v:1, k:ed@bettersearch, mode:EDIT
2026-04-27 00:40:39, MOVE, v:1, k:ed@bettersearch, mode:EDIT
2026-04-27 00:45:09, EXEC, v:1, k:ed@bettersearch, mode:FULL, rate:63, size:43
2026-04-27 00:46:43, EXEC, v:1, k:ed@bettersearch, mode:FULL, rate:63, size:43
2026-04-27 00:46:51, EXEC, v:1, k:ed@bettersearch, mode:FULL, rate:63
2026-04-27 00:47:10, EXEC, v:1, k:ed@bettersearch, mode:FULL, rate:45, size:43
2026-04-27 00:47:17, EXEC, v:1, k:ed@bettersearch, mode:FULL, rate:100, size:43
2026-04-27 00:47:21, MOVE, v:1, k:ed@bettersearch, mode:BACK
2026-04-27 00:47:45, SELF, v:1, k:ed@bettersearch, self:1, rate:100, study:10
2026-04-27 00:48:04, MOVE, v:1, k:ed@multiset, mode:DOWN
2026-04-27 00:48:08, MOVE, v:1, k:ed@multiset, mode:PICK
2026-04-27 00:48:09, EXEC, v:1, k:ed@multiset, mode:FULL, rate:0, size:59
2026-04-27 00:47:17, MOVE, v:1, k:ed@bettersearch, mode:EDIT
2026-04-27 00:47:17, MOVE, v:1, k:ed@bettersearch, mode:EDIT
2026-04-27 00:48:04, MOVE, v:1, k:ed@multiset, mode:EDIT
2026-04-27 00:48:04, MOVE, v:1, k:ed@multiset, mode:EDIT
2026-04-27 00:48:04, MOVE, v:1, k:ed@multiset, mode:EDIT
2026-04-27 00:48:04, MOVE, v:1, k:ed@multiset, mode:EDIT
2026-04-27 00:48:09, MOVE, v:1, k:ed@multiset, mode:EDIT
2026-04-27 01:00:49, MOVE, v:1, k:ed@multiset, mode:EDIT
2026-04-27 01:18:33, MOVE, v:1, k:ed@multiset, mode:EDIT
2026-04-27 01:25:18, MOVE, v:1, k:ed@multiset, mode:EDIT
2026-04-27 01:38:23, MOVE, v:1, k:ed@multiset, mode:EDIT
2026-04-27 01:41:14, MOVE, v:1, k:ed@multiset, mode:EDIT
2026-04-27 01:47:29, EXEC, v:1, k:ed@multiset, mode:FULL, rate:0, size:191
2026-04-27 01:48:03, EXEC, v:1, k:ed@multiset, mode:FULL, size:192, fail:COMP
2026-04-27 01:48:23, EXEC, v:1, k:ed@multiset, mode:FULL, rate:0, size:193
2026-04-27 01:49:01, EXEC, v:1, k:ed@multiset, mode:FULL, rate:0, size:194
2026-04-27 01:49:00, MOVE, v:1, k:ed@multiset, mode:EDIT
2026-04-27 01:49:01, MOVE, v:1, k:ed@multiset, mode:EDIT
2026-04-27 01:49:44, EXEC, v:1, k:ed@multiset, mode:FULL, rate:0, size:197
2026-04-27 01:49:45, EXEC, v:1, k:ed@multiset, mode:FULL, rate:0
2026-04-27 01:53:30, EXEC, v:1, k:ed@multiset, mode:FULL, rate:0, size:194
2026-04-27 01:53:32, EXEC, v:1, k:ed@multiset, mode:FULL, rate:0
2026-04-27 01:53:30, MOVE, v:1, k:ed@multiset, mode:EDIT
2026-04-27 01:53:32, MOVE, v:1, k:ed@multiset, mode:EDIT
2026-04-27 01:55:02, MOVE, v:1, k:ed@multiset, mode:BACK
2026-04-27 01:55:05, MOVE, v:1, k:ed@setbuild, mode:PICK
2026-04-27 01:55:59, EXEC, v:1, k:ed@setbuild, mode:FULL, rate:100
2026-04-27 01:56:01, MOVE, v:1, k:ed@setbuild, mode:BACK
2026-04-27 01:56:03, MOVE, v:1, k:ed@multiset, mode:PICK
2026-04-27 01:56:03, EXEC, v:1, k:ed@multiset, mode:FULL, rate:0
2026-04-27 01:59:31, EXEC, v:1, k:ed@multiset, mode:FULL, rate:0, size:194
2026-04-27 01:59:31, MOVE, v:1, k:ed@multiset, mode:EDIT
2026-04-27 01:55:59, MOVE, v:1, k:ed@setbuild, mode:EDIT
2026-04-27 01:59:31, MOVE, v:1, k:ed@multiset, mode:EDIT
2026-04-27 02:01:33, EXEC, v:1, k:ed@multiset, mode:FULL, rate:0, size:191
2026-04-27 02:04:00, EXEC, v:1, k:ed@multiset, mode:FULL, rate:16, size:192
2026-04-27 02:03:57, MOVE, v:1, k:ed@multiset, mode:EDIT
2026-04-27 02:04:00, MOVE, v:1, k:ed@multiset, mode:EDIT
2026-04-27 02:04:34, EXEC, v:1, k:ed@multiset, mode:FULL, rate:33, size:193
2026-04-27 02:05:23, EXEC, v:1, k:ed@multiset, mode:FULL, rate:33, size:193
2026-04-27 02:06:30, EXEC, v:1, k:ed@multiset, mode:FULL, rate:33, size:194
2026-04-27 02:07:36, EXEC, v:1, k:ed@multiset, mode:FULL, rate:33
2026-04-27 02:08:37, EXEC, v:1, k:ed@multiset, mode:FULL, rate:33, size:194
2026-04-27 02:09:14, EXEC, v:1, k:ed@multiset, mode:FULL, rate:33, size:195
2026-04-27 02:09:25, MOVE, v:1, k:ed@multiset, mode:EDIT
2026-04-27 02:09:14, MOVE, v:1, k:ed@multiset, mode:EDIT
2026-04-27 02:09:57, MOVE, v:1, k:ed@multiset, mode:PICK
2026-04-27 02:09:58, EXEC, v:1, k:ed@multiset, mode:FULL, rate:33, size:194
2026-04-27 02:11:31, EXEC, v:1, k:ed@multiset, mode:FULL, rate:50, size:197
2026-04-27 02:11:58, EXEC, v:1, k:ed@multiset, mode:FULL, rate:66, size:198
2026-04-27 02:12:35, EXEC, v:1, k:ed@multiset, mode:FULL, rate:83, size:199
2026-04-27 02:14:05, EXEC, v:1, k:ed@multiset, mode:FULL, rate:83, size:200
2026-04-27 02:14:05, MOVE, v:1, k:ed@multiset, mode:EDIT
2026-04-27 02:14:04, MOVE, v:1, k:ed@multiset, mode:EDIT
2026-04-27 02:17:25, MOVE, v:1, k:ed@multiset, mode:BACK
2026-04-27 02:17:27, MOVE, v:1, k:ed@vetbuild, mode:PICK
2026-04-27 02:18:09, EXEC, v:1, k:ed@vetbuild, mode:FULL, rate:100
2026-04-27 02:18:12, MOVE, v:1, k:ed@vetbuild, mode:BACK
2026-04-27 02:18:22, MOVE, v:1, k:ed@setbuild, mode:PICK
2026-04-27 02:18:22, EXEC, v:1, k:ed@setbuild, mode:FULL, rate:100
2026-04-27 02:18:23, MOVE, v:1, k:ed@setbuild, mode:BACK
2026-04-27 02:18:24, MOVE, v:1, k:ed@bettersearch, mode:PICK
2026-04-27 02:18:25, EXEC, v:1, k:ed@bettersearch, mode:FULL, rate:100
2026-04-27 02:18:25, MOVE, v:1, k:ed@bettersearch, mode:BACK
2026-04-27 02:18:30, MOVE, v:1, k:ed@multiset, mode:PICK
2026-04-27 02:18:33, EXEC, v:1, k:ed@multiset, mode:FULL, rate:83
2026-04-27 02:19:00, EXEC, v:1, k:ed@multiset, mode:FULL, rate:100, size:201
2026-04-27 02:19:20, EXEC, v:1, k:ed@multiset, mode:FULL, rate:100, size:200
2026-04-27 02:19:21, MOVE, v:1, k:ed@multiset, mode:BACK
2026-04-27 02:19:31, SELF, v:1, k:ed@multiset, self:1, rate:100, friend:80
2026-04-27 02:19:38, MOVE, v:1, k:ed@magicsearch, mode:DOWN
2026-04-27 02:19:41, MOVE, v:1, k:ed@magicsearch, mode:PICK
2026-04-27 02:18:09, MOVE, v:1, k:ed@vetbuild, mode:EDIT
2026-04-27 02:18:22, MOVE, v:1, k:ed@setbuild, mode:EDIT
2026-04-27 02:18:25, MOVE, v:1, k:ed@bettersearch, mode:EDIT
2026-04-27 02:19:20, MOVE, v:1, k:ed@multiset, mode:EDIT
2026-04-27 02:19:20, MOVE, v:1, k:ed@multiset, mode:EDIT
2026-04-27 02:19:38, MOVE, v:1, k:ed@magicsearch, mode:EDIT
2026-04-27 02:19:38, MOVE, v:1, k:ed@magicsearch, mode:EDIT
2026-04-27 02:19:38, MOVE, v:1, k:ed@magicsearch, mode:EDIT
2026-04-27 02:21:16, MOVE, v:1, k:ed@magicsearch, mode:BACK
2026-04-27 16:09:57, MOVE, v:1, k:ed@subset_sum, mode:PICK
2026-04-27 16:09:59, EXEC, v:1, k:ed@subset_sum, mode:FULL, rate:28
2026-04-27 16:10:09, MOVE, v:1, k:ed@subset_sum, mode:BACK
2026-04-27 16:10:20, MOVE, v:1, k:ed@bettersearch, mode:PICK
2026-04-27 16:10:21, EXEC, v:1, k:ed@bettersearch, mode:FULL, rate:100
2026-04-27 16:10:21, MOVE, v:1, k:ed@bettersearch, mode:BACK
2026-04-27 16:10:25, MOVE, v:1, k:ed@setbuild, mode:PICK
2026-04-27 16:10:26, EXEC, v:1, k:ed@setbuild, mode:FULL, rate:100
2026-04-27 16:10:29, MOVE, v:1, k:ed@setbuild, mode:BACK
2026-04-27 16:10:31, MOVE, v:1, k:ed@vetbuild, mode:PICK
2026-04-27 16:10:31, EXEC, v:1, k:ed@vetbuild, mode:FULL, rate:100
2026-04-27 16:10:33, MOVE, v:1, k:ed@vetbuild, mode:BACK
2026-04-27 18:42:04, MOVE, v:1, k:ed@magicsearch, mode:PICK
2026-04-27 18:42:09, MOVE, v:1, k:ed@magicsearch, mode:BACK
2026-04-27 18:42:44, SELF, v:1, k:ed@+recursao, self:1, rate:100
2026-04-27 18:42:57, SELF, v:1, k:ed@+analise, self:1, rate:100
2026-04-27 18:44:38, MOVE, v:1, k:ed@bettersearch, mode:PICK
2026-04-27 18:45:11, MOVE, v:1, k:ed@bettersearch, mode:BACK
2026-04-27 18:45:14, MOVE, v:1, k:ed@magicsearch, mode:PICK
2026-04-27 18:45:41, EXEC, v:1, k:ed@magicsearch, mode:FULL, rate:80, size:40
2026-04-27 18:45:37, MOVE, v:1, k:ed@magicsearch, mode:EDIT
2026-04-27 18:45:41, MOVE, v:1, k:ed@magicsearch, mode:EDIT
2026-04-27 18:46:40, EXEC, v:1, k:ed@magicsearch, mode:FULL, rate:80, size:40
2026-04-27 18:46:42, EXEC, v:1, k:ed@magicsearch, mode:FULL, rate:30
2026-04-27 18:46:43, EXEC, v:1, k:ed@magicsearch, mode:FULL, rate:30
2026-04-27 18:46:44, EXEC, v:1, k:ed@magicsearch, mode:FULL, rate:30
2026-04-27 18:46:49, EXEC, v:1, k:ed@magicsearch, mode:FULL, rate:80, size:40
2026-04-27 18:49:19, MOVE, v:1, k:ed@magicsearch, mode:BACK
2026-04-27 18:49:25, MOVE, v:1, k:ed@bettersearch, mode:PICK
2026-04-27 18:51:15, MOVE, v:1, k:ed@magicsearch, mode:EDIT
2026-04-27 18:46:49, MOVE, v:1, k:ed@magicsearch, mode:EDIT
2026-04-27 18:52:23, EXEC, v:1, k:ed@bettersearch, mode:FULL, rate:100
2026-04-27 18:52:25, MOVE, v:1, k:ed@bettersearch, mode:BACK
2026-04-27 18:52:27, MOVE, v:1, k:ed@magicsearch, mode:PICK
2026-04-27 18:52:28, EXEC, v:1, k:ed@magicsearch, mode:FULL, rate:70, size:53
2026-04-27 18:52:30, EXEC, v:1, k:ed@magicsearch, mode:FULL, rate:70
2026-04-27 18:52:51, EXEC, v:1, k:ed@magicsearch, mode:FULL, rate:50, size:53
2026-04-27 18:52:52, EXEC, v:1, k:ed@magicsearch, mode:FULL, rate:50
2026-04-27 18:53:08, EXEC, v:1, k:ed@magicsearch, mode:FULL, rate:100, size:53
2026-04-27 18:53:14, MOVE, v:1, k:ed@magicsearch, mode:BACK
2026-04-27 18:53:22, SELF, v:1, k:ed@magicsearch, self:1, rate:100, study:20
2026-04-27 18:53:25, MOVE, v:1, k:ed@iterador, mode:DOWN
2026-04-27 18:53:29, MOVE, v:1, k:ed@iterador, mode:PICK
2026-04-27 18:53:07, MOVE, v:1, k:ed@magicsearch, mode:EDIT
2026-04-27 18:52:23, MOVE, v:1, k:ed@bettersearch, mode:EDIT
2026-04-27 18:53:08, MOVE, v:1, k:ed@magicsearch, mode:EDIT
2026-04-27 18:53:25, MOVE, v:1, k:ed@iterador, mode:EDIT
2026-04-27 18:53:25, MOVE, v:1, k:ed@iterador, mode:EDIT
2026-04-27 18:53:25, MOVE, v:1, k:ed@iterador, mode:EDIT
2026-04-27 18:53:25, MOVE, v:1, k:ed@iterador, mode:EDIT
2026-04-27 18:59:42, EXEC, v:1, k:ed@iterador, mode:FULL, rate:33, size:82
2026-04-27 18:58:11, MOVE, v:1, k:ed@iterador, mode:EDIT
2026-04-27 18:59:42, MOVE, v:1, k:ed@iterador, mode:EDIT
2026-04-27 19:03:24, MOVE, v:1, k:ed@iterador, mode:EDIT
