2026-07-06 00:02:11, MOVE, v:1, k:ed@sudoku, mode:EDIT
2026-07-06 00:07:12, MOVE, v:1, k:ed@sudoku, mode:EDIT
2026-07-06 00:09:00, MOVE, v:1, k:ed@sudoku, mode:BACK
2026-07-06 00:09:03, MOVE, v:1, k:ed@distancia, mode:PICK
2026-07-06 00:11:46, MOVE, v:1, k:ed@distancia, mode:BACK
2026-07-06 00:12:12, MOVE, v:1, k:ed@sudoku, mode:EDIT
2026-07-06 00:13:27, MOVE, v:1, k:ed@sudoku, mode:PICK
2026-07-06 00:17:10, MOVE, v:1, k:ed@sudoku, mode:EDIT
2026-07-06 00:22:12, EXEC, v:1, k:ed@sudoku, mode:FULL, rate:0, size:77
2026-07-06 00:22:04, MOVE, v:1, k:ed@sudoku, mode:EDIT
2026-07-06 00:22:12, MOVE, v:1, k:ed@sudoku, mode:EDIT
2026-07-06 00:27:10, MOVE, v:1, k:ed@sudoku, mode:EDIT
2026-07-06 00:27:13, MOVE, v:1, k:ed@sudoku, mode:EDIT
2026-07-06 00:27:18, EXEC, v:1, k:ed@sudoku, mode:FULL, rate:0, size:94
2026-07-06 00:28:39, EXEC, v:1, k:ed@sudoku, mode:FULL, rate:0, size:94
2026-07-06 00:28:57, EXEC, v:1, k:ed@sudoku, mode:FULL, rate:0, size:94
2026-07-06 00:29:12, EXEC, v:1, k:ed@sudoku, mode:FULL, rate:0, size:94
2026-07-06 00:29:14, EXEC, v:1, k:ed@sudoku, mode:FULL, rate:0
2026-07-06 00:29:47, EXEC, v:1, k:ed@sudoku, mode:FULL, rate:0, size:94
2026-07-06 00:29:48, EXEC, v:1, k:ed@sudoku, mode:FULL, rate:0
2026-07-06 00:31:08, EXEC, v:1, k:ed@sudoku, mode:FULL, rate:0, size:94
2026-07-06 00:31:10, EXEC, v:1, k:ed@sudoku, mode:FULL, rate:0
2026-07-06 00:31:16, MOVE, v:1, k:ed@sudoku, mode:EDIT
2026-07-06 00:31:09, MOVE, v:1, k:ed@sudoku, mode:EDIT
2026-07-06 00:34:21, EXEC, v:1, k:ed@sudoku, mode:FULL, rate:0, size:94
2026-07-06 00:34:22, EXEC, v:1, k:ed@sudoku, mode:FULL, rate:0
2026-07-06 00:34:19, MOVE, v:1, k:ed@sudoku, mode:EDIT
2026-07-06 00:34:22, MOVE, v:1, k:ed@sudoku, mode:EDIT
2026-07-06 00:39:58, EXEC, v:1, k:ed@sudoku, mode:FULL, rate:0, size:96
2026-07-06 00:39:59, EXEC, v:1, k:ed@sudoku, mode:FULL, rate:0
2026-07-06 00:40:26, EXEC, v:1, k:ed@sudoku, mode:FULL, rate:0, size:96
2026-07-06 00:40:53, MOVE, v:1, k:ed@sudoku, mode:EDIT
2026-07-06 00:40:26, MOVE, v:1, k:ed@sudoku, mode:EDIT
2026-07-06 00:44:40, EXEC, v:1, k:ed@sudoku, mode:FULL, rate:0, size:96
2026-07-06 00:44:43, EXEC, v:1, k:ed@sudoku, mode:FULL, rate:0
2026-07-06 00:45:53, EXEC, v:1, k:ed@sudoku, mode:FULL, rate:0, size:96
2026-07-06 00:47:14, MOVE, v:1, k:ed@sudoku, mode:EDIT
2026-07-06 00:45:53, MOVE, v:1, k:ed@sudoku, mode:EDIT
2026-07-06 00:47:18, EXEC, v:1, k:ed@sudoku, mode:FULL, rate:0, size:98
2026-07-06 00:47:58, MOVE, v:1, k:ed@sudoku, mode:PICK
2026-07-06 00:52:36, MOVE, v:1, k:ed@sudoku, mode:BACK
2026-07-06 00:52:44, MOVE, v:1, k:ed@wordsearch, mode:PICK
2026-07-06 00:54:58, EXEC, v:1, k:ed@wordsearch, mode:FULL, rate:100
2026-07-06 00:55:00, MOVE, v:1, k:ed@wordsearch, mode:BACK
2026-07-06 00:55:02, MOVE, v:1, k:ed@sudoku, mode:PICK
2026-07-06 00:55:08, EXEC, v:1, k:ed@sudoku, mode:FULL, rate:0, size:97
2026-07-06 00:55:36, EXEC, v:1, k:ed@sudoku, mode:FULL, rate:0, size:96
2026-07-06 00:55:54, EXEC, v:1, k:ed@sudoku, mode:FULL, rate:100, size:96
2026-07-06 00:56:12, MOVE, v:1, k:ed@sudoku, mode:BACK
2026-07-06 00:56:18, SELF, v:1, k:ed@sudoku, self:1, rate:100, study:60
2026-07-06 00:56:56, MOVE, v:1, k:ed@n_rainhas, mode:DOWN
2026-07-06 00:56:57, MOVE, v:1, k:ed@n_rainhas, mode:PICK
2026-07-06 00:55:53, MOVE, v:1, k:ed@sudoku, mode:EDIT
2026-07-06 00:54:58, MOVE, v:1, k:ed@wordsearch, mode:EDIT
2026-07-06 00:55:54, MOVE, v:1, k:ed@sudoku, mode:EDIT
2026-07-06 00:56:56, MOVE, v:1, k:ed@n_rainhas, mode:EDIT
2026-07-06 00:57:50, MOVE, v:1, k:ed@n_rainhas, mode:BACK
2026-07-06 00:57:52, MOVE, v:1, k:ed@sudoku, mode:PICK
2026-07-06 01:02:42, MOVE, v:1, k:ed@n_rainhas, mode:EDIT
2026-07-06 01:04:33, EXEC, v:1, k:ed@sudoku, mode:FULL, rate:100
2026-07-06 01:04:35, MOVE, v:1, k:ed@sudoku, mode:BACK
2026-07-06 01:04:36, MOVE, v:1, k:ed@n_rainhas, mode:PICK
2026-07-06 01:04:37, EXEC, v:1, k:ed@n_rainhas, mode:FULL, rate:0, size:56
2026-07-06 01:05:21, EXEC, v:1, k:ed@n_rainhas, mode:FULL, rate:0, size:56
2026-07-06 01:06:07, EXEC, v:1, k:ed@n_rainhas, mode:FULL, rate:0, size:57
2026-07-06 01:07:46, MOVE, v:1, k:ed@n_rainhas, mode:EDIT
2026-07-06 01:04:33, MOVE, v:1, k:ed@sudoku, mode:EDIT
2026-07-06 01:06:07, MOVE, v:1, k:ed@n_rainhas, mode:EDIT
2026-07-06 01:08:45, EXEC, v:1, k:ed@n_rainhas, mode:FULL, rate:16, size:69
2026-07-06 01:12:39, MOVE, v:1, k:ed@n_rainhas, mode:EDIT
2026-07-06 01:08:45, MOVE, v:1, k:ed@n_rainhas, mode:EDIT
2026-07-06 01:15:52, EXEC, v:1, k:ed@n_rainhas, mode:FULL, rate:16, size:89
2026-07-06 01:15:53, EXEC, v:1, k:ed@n_rainhas, mode:FULL, rate:16
2026-07-06 01:17:45, MOVE, v:1, k:ed@n_rainhas, mode:EDIT
2026-07-06 01:15:53, MOVE, v:1, k:ed@n_rainhas, mode:EDIT
2026-07-06 01:18:35, EXEC, v:1, k:ed@n_rainhas, mode:FULL, size:81, fail:COMP
2026-07-06 01:18:36, EXEC, v:1, k:ed@n_rainhas, mode:FULL, fail:COMP
2026-07-06 01:18:51, EXEC, v:1, k:ed@n_rainhas, mode:FULL, rate:16, size:79
2026-07-06 01:20:00, EXEC, v:1, k:ed@n_rainhas, mode:FULL, rate:8, size:80
2026-07-06 01:20:02, EXEC, v:1, k:ed@n_rainhas, mode:FULL, rate:8
2026-07-06 01:20:22, MOVE, v:1, k:ed@n_rainhas, mode:EDIT
2026-07-06 01:20:02, MOVE, v:1, k:ed@n_rainhas, mode:EDIT
2026-07-06 01:25:50, MOVE, v:1, k:ed@n_rainhas, mode:BACK
2026-07-06 01:25:51, MOVE, v:1, k:ed@n_rainhas, mode:PICK
2026-07-06 01:26:44, EXEC, v:1, k:ed@n_rainhas, mode:FULL, rate:8, size:78
2026-07-06 01:26:45, EXEC, v:1, k:ed@n_rainhas, mode:FULL, rate:8
2026-07-06 01:26:37, MOVE, v:1, k:ed@n_rainhas, mode:EDIT
2026-07-06 01:26:45, MOVE, v:1, k:ed@n_rainhas, mode:EDIT
2026-07-06 01:29:32, EXEC, v:1, k:ed@n_rainhas, mode:FULL, rate:8, size:77
2026-07-06 01:29:33, EXEC, v:1, k:ed@n_rainhas, mode:FULL, rate:25
2026-07-06 01:29:31, MOVE, v:1, k:ed@n_rainhas, mode:EDIT
2026-07-06 01:29:33, MOVE, v:1, k:ed@n_rainhas, mode:EDIT
2026-07-06 01:36:31, MOVE, v:1, k:ed@n_rainhas, mode:BACK
2026-07-06 03:53:00, MOVE, v:1, k:ed@n_rainhas, mode:PICK
2026-07-06 03:55:06, MOVE, v:1, k:ed@n_rainhas, mode:BACK
2026-07-06 03:55:10, MOVE, v:1, k:ed@detonate, mode:PICK
2026-07-06 04:02:56, MOVE, v:1, k:ed@n_rainhas, mode:EDIT
2026-07-06 04:07:52, MOVE, v:1, k:ed@n_rainhas, mode:EDIT
2026-07-06 04:08:11, EXEC, v:1, k:ed@detonate, mode:FULL, size:16, fail:COMP
2026-07-06 04:08:25, EXEC, v:1, k:ed@detonate, mode:FULL, fail:COMP
2026-07-06 04:09:10, MOVE, v:1, k:ed@detonate, mode:BACK
2026-07-06 04:09:13, MOVE, v:1, k:ed@n_rainhas, mode:PICK
2026-07-06 04:09:16, EXEC, v:1, k:ed@n_rainhas, mode:FULL, rate:100, size:34
2026-07-06 04:09:48, MOVE, v:1, k:ed@n_rainhas, mode:BACK
2026-07-06 04:10:02, SELF, v:1, k:ed@n_rainhas, self:1, rate:100, study:120, concept:1, refactor:1
2026-07-06 04:10:36, MOVE, v:1, k:ed@detonate, mode:PICK
2026-07-06 04:08:09, MOVE, v:1, k:ed@n_rainhas, mode:EDIT
2026-07-06 04:09:15, MOVE, v:1, k:ed@n_rainhas, mode:EDIT
2026-07-06 04:22:57, MOVE, v:1, k:ed@detonate, mode:EDIT
2026-07-06 04:27:40, MOVE, v:1, k:ed@detonate, mode:EDIT
2026-07-06 04:32:48, MOVE, v:1, k:ed@detonate, mode:EDIT
2026-07-06 04:35:41, EXEC, v:1, k:ed@detonate, mode:FULL, rate:66, size:52
2026-07-06 04:35:37, MOVE, v:1, k:ed@detonate, mode:EDIT
2026-07-06 04:35:41, MOVE, v:1, k:ed@detonate, mode:EDIT
2026-07-06 04:38:56, EXEC, v:1, k:ed@detonate, mode:FULL, rate:100, size:57
2026-07-06 04:39:18, MOVE, v:1, k:ed@detonate, mode:BACK
2026-07-06 04:39:28, SELF, v:1, k:ed@detonate, self:1, rate:100, study:40
2026-07-06 04:39:51, MOVE, v:1, k:ed@escapeSpread, mode:DOWN
2026-07-06 04:40:04, MOVE, v:1, k:ed@escapeSpread, mode:PICK
2026-07-06 04:38:54, MOVE, v:1, k:ed@detonate, mode:EDIT
2026-07-06 04:38:56, MOVE, v:1, k:ed@detonate, mode:EDIT
2026-07-06 04:39:51, MOVE, v:1, k:ed@escapeSpread, mode:EDIT
2026-07-06 04:39:51, MOVE, v:1, k:ed@escapeSpread, mode:EDIT
2026-07-06 04:45:44, MOVE, v:1, k:ed@escapeSpread, mode:BACK
2026-07-06 04:46:27, MOVE, v:1, k:ed@escapeSpread, mode:PICK
2026-07-06 04:57:30, MOVE, v:1, k:ed@escapeSpread, mode:BACK
2026-07-06 15:22:21, MOVE, v:1, k:ed@hex, mode:PICK
2026-07-06 15:22:31, MOVE, v:1, k:ed@hex, mode:BACK
2026-07-06 15:29:14, SELF, v:1, k:ed@fractais_png, self:1, rate:100, study:120
2026-07-06 15:29:26, SELF, v:1, k:ed@fractais_png, self:1, rate:30, study:120
2026-07-06 16:10:47, MOVE, v:1, k:ed@escapeSpread, mode:EDIT
2026-07-06 16:15:30, MOVE, v:1, k:ed@escapeSpread, mode:PICK
2026-07-06 16:20:52, MOVE, v:1, k:ed@escapeSpread, mode:EDIT
2026-07-06 16:23:56, MOVE, v:1, k:ed@escapeSpread, mode:EDIT
2026-07-06 16:37:03, MOVE, v:1, k:ed@escapeSpread, mode:EDIT
2026-07-06 16:42:02, MOVE, v:1, k:ed@escapeSpread, mode:EDIT
2026-07-06 16:46:50, MOVE, v:1, k:ed@escapeSpread, mode:EDIT
2026-07-06 16:52:04, MOVE, v:1, k:ed@escapeSpread, mode:EDIT
2026-07-06 16:57:04, MOVE, v:1, k:ed@escapeSpread, mode:EDIT
2026-07-06 17:02:05, MOVE, v:1, k:ed@escapeSpread, mode:EDIT
2026-07-06 17:04:12, EXEC, v:1, k:ed@escapeSpread, mode:FULL, size:84, fail:COMP
2026-07-06 17:05:45, MOVE, v:1, k:ed@escapeSpread, mode:EDIT
2026-07-06 17:08:50, EXEC, v:1, k:ed@escapeSpread, mode:FULL, rate:0, size:88
2026-07-06 17:11:29, EXEC, v:1, k:ed@escapeSpread, mode:FULL, rate:0, size:88
2026-07-06 17:11:17, MOVE, v:1, k:ed@escapeSpread, mode:EDIT
2026-07-06 17:11:25, MOVE, v:1, k:ed@escapeSpread, mode:EDIT
2026-07-06 17:15:07, EXEC, v:1, k:ed@escapeSpread, mode:FULL, rate:33, size:88
2026-07-06 17:16:59, MOVE, v:1, k:ed@escapeSpread, mode:EDIT
2026-07-06 17:15:07, MOVE, v:1, k:ed@escapeSpread, mode:EDIT
2026-07-06 17:17:57, EXEC, v:1, k:ed@escapeSpread, mode:FULL, rate:33, size:90
2026-07-06 17:17:58, EXEC, v:1, k:ed@escapeSpread, mode:FULL, rate:33
2026-07-06 17:17:59, EXEC, v:1, k:ed@escapeSpread, mode:FULL, rate:33
2026-07-06 17:19:05, EXEC, v:1, k:ed@escapeSpread, mode:FULL, rate:33
2026-07-06 17:17:57, MOVE, v:1, k:ed@escapeSpread, mode:EDIT
2026-07-06 17:19:05, MOVE, v:1, k:ed@escapeSpread, mode:EDIT
2026-07-06 17:24:21, EXEC, v:1, k:ed@escapeSpread, mode:FULL, size:87, fail:COMP
2026-07-06 17:24:22, EXEC, v:1, k:ed@escapeSpread, mode:FULL, fail:COMP
2026-07-06 17:24:39, EXEC, v:1, k:ed@escapeSpread, mode:FULL, rate:100, size:83
2026-07-06 17:26:38, MOVE, v:1, k:ed@escapeSpread, mode:BACK
2026-07-06 17:26:45, SELF, v:1, k:ed@escapeSpread, self:1, rate:100, study:120
2026-07-06 17:25:29, MOVE, v:1, k:ed@escapeSpread, mode:EDIT
2026-07-06 17:24:39, MOVE, v:1, k:ed@escapeSpread, mode:EDIT
